Archive member included to satisfy reference by file (symbol)

/usr/lib/gcc/arm-none-eabi/6.3.1/thumb/v6-m/libgcc.a(_thumb1_case_uqi.o)
                              build/sapphire_mini/hid.o (__gnu_thumb1_case_uqi)
/usr/lib/gcc/arm-none-eabi/6.3.1/../../../arm-none-eabi/lib/thumb/v6-m/libg_nano.a(lib_a-memcpy-stub.o)
                              build/sapphire_mini/cdc_enumerate.o (memcpy)
/usr/lib/gcc/arm-none-eabi/6.3.1/../../../arm-none-eabi/lib/thumb/v6-m/libg_nano.a(lib_a-memset.o)
                              build/sapphire_mini/cdc_enumerate.o (memset)
/usr/lib/gcc/arm-none-eabi/6.3.1/../../../arm-none-eabi/lib/thumb/v6-m/libg_nano.a(lib_a-strlen-stub.o)
                              build/sapphire_mini/cdc_enumerate.o (strlen)

Allocating common symbols
Common symbol       size              file

b_sharp_received    0x1               build/sapphire_mini/usart_sam_ba.o
timerHigh           0x4               build/sapphire_mini/utils.o
j                   0x1               build/sapphire_mini/sam_ba_monitor.o
idx_rx_write        0x1               build/sapphire_mini/usart_sam_ba.o
size_of_data        0x2               build/sapphire_mini/usart_sam_ba.o
ctrlOutCache        0x44              build/sapphire_mini/cdc_enumerate.o
length              0x4               build/sapphire_mini/sam_ba_monitor.o
ptr                 0x4               build/sapphire_mini/sam_ba_monitor.o
command             0x1               build/sapphire_mini/sam_ba_monitor.o
resetHorizon        0x4               build/sapphire_mini/utils.o
idx_tx_read         0x1               build/sapphire_mini/usart_sam_ba.o
i                   0x4               build/sapphire_mini/sam_ba_monitor.o
buffer_tx_usart     0x80              build/sapphire_mini/usart_sam_ba.o
error_timeout       0x1               build/sapphire_mini/usart_sam_ba.o
usb_endpoint_table  0x100             build/sapphire_mini/cdc_enumerate.o
data                0x41              build/sapphire_mini/sam_ba_monitor.o
mode_of_transfer    0x1               build/sapphire_mini/usart_sam_ba.o
ptr_data            0x4               build/sapphire_mini/sam_ba_monitor.o
idx_rx_read         0x1               build/sapphire_mini/usart_sam_ba.o
sp                  0x4               build/sapphire_mini/sam_ba_monitor.o
current_number      0x4               build/sapphire_mini/sam_ba_monitor.o
idx_tx_write        0x1               build/sapphire_mini/usart_sam_ba.o
endpointCache       0x220             build/sapphire_mini/cdc_enumerate.o
u32tmp              0x4               build/sapphire_mini/sam_ba_monitor.o
buffer_rx_usart     0x80              build/sapphire_mini/usart_sam_ba.o

Discarded input sections

 .text          0x0000000000000000        0x0 build/sapphire_mini/flash_samd21.o
 .data          0x0000000000000000        0x0 build/sapphire_mini/flash_samd21.o
 .bss           0x0000000000000000        0x0 build/sapphire_mini/flash_samd21.o
 .text.flash_write
                0x0000000000000000       0x88 build/sapphire_mini/flash_samd21.o
 .text          0x0000000000000000        0x0 build/sapphire_mini/init_samd21.o
 .data          0x0000000000000000        0x0 build/sapphire_mini/init_samd21.o
 .bss           0x0000000000000000        0x0 build/sapphire_mini/init_samd21.o
 .data.g_interrupt_enabled
                0x0000000000000000        0x1 build/sapphire_mini/init_samd21.o
 .text          0x0000000000000000        0x0 build/sapphire_mini/startup_samd21.o
 .data          0x0000000000000000        0x0 build/sapphire_mini/startup_samd21.o
 .bss           0x0000000000000000        0x0 build/sapphire_mini/startup_samd21.o
 .text          0x0000000000000000        0x0 build/sapphire_mini/usart_sam_ba.o
 .data          0x0000000000000000        0x0 build/sapphire_mini/usart_sam_ba.o
 .bss           0x0000000000000000        0x0 build/sapphire_mini/usart_sam_ba.o
 .text.usart_open
                0x0000000000000000       0xbc build/sapphire_mini/usart_sam_ba.o
 .text.usart_close
                0x0000000000000000       0x10 build/sapphire_mini/usart_sam_ba.o
 .text.usart_putc
                0x0000000000000000       0x14 build/sapphire_mini/usart_sam_ba.o
 .text.usart_getc
                0x0000000000000000       0x10 build/sapphire_mini/usart_sam_ba.o
 .text.usart_is_rx_ready
                0x0000000000000000       0x10 build/sapphire_mini/usart_sam_ba.o
 .text.usart_sharp_received
                0x0000000000000000       0x1a build/sapphire_mini/usart_sam_ba.o
 .text.usart_readc
                0x0000000000000000       0x20 build/sapphire_mini/usart_sam_ba.o
 .text.usart_putdata
                0x0000000000000000       0x1a build/sapphire_mini/usart_sam_ba.o
 .text.usart_getdata
                0x0000000000000000        0xe build/sapphire_mini/usart_sam_ba.o
 .text.getbytes
                0x0000000000000000       0x68 build/sapphire_mini/usart_sam_ba.o
 .text.getPacket
                0x0000000000000000       0x70 build/sapphire_mini/usart_sam_ba.o
 .text.usart_putdata_xmd
                0x0000000000000000      0x110 build/sapphire_mini/usart_sam_ba.o
 .text.usart_getdata_xmd
                0x0000000000000000       0xb8 build/sapphire_mini/usart_sam_ba.o
 COMMON         0x0000000000000000      0x109 build/sapphire_mini/usart_sam_ba.o
 .text          0x0000000000000000        0x0 build/sapphire_mini/screen.o
 .data          0x0000000000000000        0x0 build/sapphire_mini/screen.o
 .bss           0x0000000000000000        0x0 build/sapphire_mini/screen.o
 .debug_info    0x0000000000000000      0x8fb build/sapphire_mini/screen.o
 .debug_abbrev  0x0000000000000000      0x18e build/sapphire_mini/screen.o
 .debug_aranges
                0x0000000000000000       0x18 build/sapphire_mini/screen.o
 .debug_line    0x0000000000000000      0x105 build/sapphire_mini/screen.o
 .debug_str     0x0000000000000000      0x5d3 build/sapphire_mini/screen.o
 .comment       0x0000000000000000       0x32 build/sapphire_mini/screen.o
 .ARM.attributes
                0x0000000000000000       0x32 build/sapphire_mini/screen.o
 .text          0x0000000000000000        0x0 build/sapphire_mini/images.o
 .data          0x0000000000000000        0x0 build/sapphire_mini/images.o
 .bss           0x0000000000000000        0x0 build/sapphire_mini/images.o
 .rodata.arrowLogo
                0x0000000000000000       0x39 build/sapphire_mini/images.o
 .rodata.fileLogo
                0x0000000000000000       0x4a build/sapphire_mini/images.o
 .rodata.font8  0x0000000000000000      0x240 build/sapphire_mini/images.o
 .rodata.pendriveLogo
                0x0000000000000000       0x3e build/sapphire_mini/images.o
 .debug_info    0x0000000000000000      0x11f build/sapphire_mini/images.o
 .debug_abbrev  0x0000000000000000       0x66 build/sapphire_mini/images.o
 .debug_aranges
                0x0000000000000000       0x18 build/sapphire_mini/images.o
 .debug_line    0x0000000000000000       0x82 build/sapphire_mini/images.o
 .debug_str     0x0000000000000000      0x1a5 build/sapphire_mini/images.o
 .comment       0x0000000000000000       0x32 build/sapphire_mini/images.o
 .ARM.attributes
                0x0000000000000000       0x32 build/sapphire_mini/images.o
 .text          0x0000000000000000        0x0 build/sapphire_mini/utils.o
 .data          0x0000000000000000        0x0 build/sapphire_mini/utils.o
 .bss           0x0000000000000000        0x0 build/sapphire_mini/utils.o
 .text.panic    0x0000000000000000        0x2 build/sapphire_mini/utils.o
 .text          0x0000000000000000        0x0 build/sapphire_mini/cdc_enumerate.o
 .data          0x0000000000000000        0x0 build/sapphire_mini/cdc_enumerate.o
 .bss           0x0000000000000000        0x0 build/sapphire_mini/cdc_enumerate.o
 .text.reset_ep
                0x0000000000000000       0x24 build/sapphire_mini/cdc_enumerate.o
 .text.stall_ep
                0x0000000000000000       0x2c build/sapphire_mini/cdc_enumerate.o
 .text.cdc_is_rx_ready
                0x0000000000000000       0x20 build/sapphire_mini/cdc_enumerate.o
 .text          0x0000000000000000        0x0 build/sapphire_mini/fat.o
 .data          0x0000000000000000        0x0 build/sapphire_mini/fat.o
 .bss           0x0000000000000000        0x0 build/sapphire_mini/fat.o
 .text          0x0000000000000000        0x0 build/sapphire_mini/main.o
 .data          0x0000000000000000        0x0 build/sapphire_mini/main.o
 .bss           0x0000000000000000        0x0 build/sapphire_mini/main.o
 .text          0x0000000000000000        0x0 build/sapphire_mini/msc.o
 .data          0x0000000000000000        0x0 build/sapphire_mini/msc.o
 .bss           0x0000000000000000        0x0 build/sapphire_mini/msc.o
 .text.msc_reset
                0x0000000000000000       0x1c build/sapphire_mini/msc.o
 .text.udd_ep_set_halt
                0x0000000000000000       0x10 build/sapphire_mini/msc.o
 .bss.mscReset  0x0000000000000000        0x1 build/sapphire_mini/msc.o
 .text          0x0000000000000000        0x0 build/sapphire_mini/sam_ba_monitor.o
 .data          0x0000000000000000        0x0 build/sapphire_mini/sam_ba_monitor.o
 .bss           0x0000000000000000        0x0 build/sapphire_mini/sam_ba_monitor.o
 .text.sam_ba_monitor_init
                0x0000000000000000        0x2 build/sapphire_mini/sam_ba_monitor.o
 .text.sam_ba_putdata_term
                0x0000000000000000        0x8 build/sapphire_mini/sam_ba_monitor.o
 .text          0x0000000000000000        0x0 build/sapphire_mini/uart_driver.o
 .data          0x0000000000000000        0x0 build/sapphire_mini/uart_driver.o
 .bss           0x0000000000000000        0x0 build/sapphire_mini/uart_driver.o
 .text.uart_get_sercom_index
                0x0000000000000000       0x30 build/sapphire_mini/uart_driver.o
 .text.uart_basic_init
                0x0000000000000000       0x58 build/sapphire_mini/uart_driver.o
 .text.uart_disable
                0x0000000000000000       0x10 build/sapphire_mini/uart_driver.o
 .text.uart_write_byte
                0x0000000000000000        0xc build/sapphire_mini/uart_driver.o
 .text.uart_read_byte
                0x0000000000000000       0x28 build/sapphire_mini/uart_driver.o
 .text.uart_write_buffer_polled
                0x0000000000000000       0x20 build/sapphire_mini/uart_driver.o
 .text.uart_read_buffer_polled
                0x0000000000000000       0x3c build/sapphire_mini/uart_driver.o
 .rodata        0x0000000000000000       0x18 build/sapphire_mini/uart_driver.o
 .bss.uart_drv_error_flag
                0x0000000000000000        0x1 build/sapphire_mini/uart_driver.o
 .debug_info    0x0000000000000000     0x2648 build/sapphire_mini/uart_driver.o
 .debug_abbrev  0x0000000000000000      0x2a2 build/sapphire_mini/uart_driver.o
 .debug_loc     0x0000000000000000      0x135 build/sapphire_mini/uart_driver.o
 .debug_aranges
                0x0000000000000000       0x50 build/sapphire_mini/uart_driver.o
 .debug_ranges  0x0000000000000000       0x40 build/sapphire_mini/uart_driver.o
 .debug_line    0x0000000000000000      0x263 build/sapphire_mini/uart_driver.o
 .debug_str     0x0000000000000000      0xdc7 build/sapphire_mini/uart_driver.o
 .comment       0x0000000000000000       0x32 build/sapphire_mini/uart_driver.o
 .debug_frame   0x0000000000000000       0xac build/sapphire_mini/uart_driver.o
 .ARM.attributes
                0x0000000000000000       0x32 build/sapphire_mini/uart_driver.o
 .text          0x0000000000000000        0x0 build/sapphire_mini/hid.o
 .data          0x0000000000000000        0x0 build/sapphire_mini/hid.o
 .bss           0x0000000000000000        0x0 build/sapphire_mini/hid.o
 .data          0x0000000000000000        0x0 /usr/lib/gcc/arm-none-eabi/6.3.1/thumb/v6-m/libgcc.a(_thumb1_case_uqi.o)
 .bss           0x0000000000000000        0x0 /usr/lib/gcc/arm-none-eabi/6.3.1/thumb/v6-m/libgcc.a(_thumb1_case_uqi.o)
 .data          0x0000000000000000        0x0 /usr/lib/gcc/arm-none-eabi/6.3.1/../../../arm-none-eabi/lib/thumb/v6-m/libg_nano.a(lib_a-memcpy-stub.o)
 .bss           0x0000000000000000        0x0 /usr/lib/gcc/arm-none-eabi/6.3.1/../../../arm-none-eabi/lib/thumb/v6-m/libg_nano.a(lib_a-memcpy-stub.o)
 .data          0x0000000000000000        0x0 /usr/lib/gcc/arm-none-eabi/6.3.1/../../../arm-none-eabi/lib/thumb/v6-m/libg_nano.a(lib_a-memset.o)
 .bss           0x0000000000000000        0x0 /usr/lib/gcc/arm-none-eabi/6.3.1/../../../arm-none-eabi/lib/thumb/v6-m/libg_nano.a(lib_a-memset.o)
 .data          0x0000000000000000        0x0 /usr/lib/gcc/arm-none-eabi/6.3.1/../../../arm-none-eabi/lib/thumb/v6-m/libg_nano.a(lib_a-strlen-stub.o)
 .bss           0x0000000000000000        0x0 /usr/lib/gcc/arm-none-eabi/6.3.1/../../../arm-none-eabi/lib/thumb/v6-m/libg_nano.a(lib_a-strlen-stub.o)

Memory Configuration

Name             Origin             Length             Attributes
rom              0x0000000000000000 0x0000000000002000 xr
ram              0x0000000020000000 0x0000000000008000 xrw
*default*        0x0000000000000000 0xffffffffffffffff

Linker script and memory map

LOAD build/sapphire_mini/flash_samd21.o
LOAD build/sapphire_mini/init_samd21.o
LOAD build/sapphire_mini/startup_samd21.o
LOAD build/sapphire_mini/usart_sam_ba.o
LOAD build/sapphire_mini/screen.o
LOAD build/sapphire_mini/images.o
LOAD build/sapphire_mini/utils.o
LOAD build/sapphire_mini/cdc_enumerate.o
LOAD build/sapphire_mini/fat.o
LOAD build/sapphire_mini/main.o
LOAD build/sapphire_mini/msc.o
LOAD build/sapphire_mini/sam_ba_monitor.o
LOAD build/sapphire_mini/uart_driver.o
LOAD build/sapphire_mini/hid.o
START GROUP
LOAD /usr/lib/gcc/arm-none-eabi/6.3.1/thumb/v6-m/libgcc.a
LOAD /usr/lib/gcc/arm-none-eabi/6.3.1/../../../arm-none-eabi/lib/thumb/v6-m/libg_nano.a
LOAD /usr/lib/gcc/arm-none-eabi/6.3.1/../../../arm-none-eabi/lib/thumb/v6-m/libc_nano.a
END GROUP
START GROUP
LOAD /usr/lib/gcc/arm-none-eabi/6.3.1/thumb/v6-m/libgcc.a
LOAD /usr/lib/gcc/arm-none-eabi/6.3.1/../../../arm-none-eabi/lib/thumb/v6-m/libc_nano.a
LOAD /usr/lib/gcc/arm-none-eabi/6.3.1/../../../arm-none-eabi/lib/thumb/v6-m/libnosys.a
END GROUP
START GROUP
LOAD /usr/lib/gcc/arm-none-eabi/6.3.1/thumb/v6-m/libgcc.a
LOAD /usr/lib/gcc/arm-none-eabi/6.3.1/../../../arm-none-eabi/lib/thumb/v6-m/libc_nano.a
LOAD /usr/lib/gcc/arm-none-eabi/6.3.1/../../../arm-none-eabi/lib/thumb/v6-m/libnosys.a
END GROUP
                0x0000000000002000                STACK_SIZE = DEFINED (STACK_SIZE)?STACK_SIZE:DEFINED (__stack_size__)?__stack_size__:0x2000

.text           0x0000000000000000     0x1dec
                0x0000000000000000                . = ALIGN (0x4)
                0x0000000000000000                _sfixed = .
 *(.vectors .vectors.*)
 .vectors       0x0000000000000000       0xb4 build/sapphire_mini/startup_samd21.o
                0x0000000000000000                exception_table
 *(.text .text.* .gnu.linkonce.t.*)
 .text.flash_erase_row
                0x00000000000000b4       0x28 build/sapphire_mini/flash_samd21.o
                0x00000000000000b4                flash_erase_row
 .text.flash_erase_to_end
                0x00000000000000dc       0x1c build/sapphire_mini/flash_samd21.o
                0x00000000000000dc                flash_erase_to_end
 .text.copy_words
                0x00000000000000f8       0x14 build/sapphire_mini/flash_samd21.o
                0x00000000000000f8                copy_words
 .text.flash_write_words
                0x000000000000010c       0x54 build/sapphire_mini/flash_samd21.o
                0x000000000000010c                flash_write_words
 .text.flash_write_row
                0x0000000000000160       0x2e build/sapphire_mini/flash_samd21.o
                0x0000000000000160                flash_write_row
 *fill*         0x000000000000018e        0x2 
 .text.gclk_sync
                0x0000000000000190       0x10 build/sapphire_mini/init_samd21.o
 .text.dfll_sync
                0x00000000000001a0       0x10 build/sapphire_mini/init_samd21.o
 .text.system_init
                0x00000000000001b0       0xd8 build/sapphire_mini/init_samd21.o
                0x00000000000001b0                system_init
 .text.SysTick_Handler
                0x0000000000000288        0x8 build/sapphire_mini/init_samd21.o
                0x0000000000000288                SysTick_Handler
 .text.Dummy_Handler
                0x0000000000000290        0x2 build/sapphire_mini/startup_samd21.o
                0x0000000000000290                DMAC_Handler
                0x0000000000000290                AC_Handler
                0x0000000000000290                PendSV_Handler
                0x0000000000000290                NMI_Handler
                0x0000000000000290                SERCOM1_Handler
                0x0000000000000290                ADC_Handler
                0x0000000000000290                TCC1_Handler
                0x0000000000000290                SERCOM2_Handler
                0x0000000000000290                TCC0_Handler
                0x0000000000000290                RTC_Handler
                0x0000000000000290                EIC_Handler
                0x0000000000000290                WDT_Handler
                0x0000000000000290                TC4_Handler
                0x0000000000000290                USB_Handler
                0x0000000000000290                TC3_Handler
                0x0000000000000290                Dummy_Handler
                0x0000000000000290                PM_Handler
                0x0000000000000290                SERCOM5_Handler
                0x0000000000000290                SVC_Handler
                0x0000000000000290                TCC2_Handler
                0x0000000000000290                EVSYS_Handler
                0x0000000000000290                SERCOM3_Handler
                0x0000000000000290                SERCOM4_Handler
                0x0000000000000290                I2S_Handler
                0x0000000000000290                NVMCTRL_Handler
                0x0000000000000290                SERCOM0_Handler
                0x0000000000000290                DAC_Handler
                0x0000000000000290                PTC_Handler
                0x0000000000000290                TC5_Handler
                0x0000000000000290                SYSCTRL_Handler
 .text.HardFault_Handler
                0x0000000000000292        0x2 build/sapphire_mini/startup_samd21.o
                0x0000000000000292                HardFault_Handler
 .text.Reset_Handler
                0x0000000000000294       0xb0 build/sapphire_mini/startup_samd21.o
                0x0000000000000294                Reset_Handler
 .text.add_crc  0x0000000000000344       0x54 build/sapphire_mini/usart_sam_ba.o
                0x0000000000000344                add_crc
 .text.delay    0x0000000000000398       0x28 build/sapphire_mini/utils.o
                0x0000000000000398                delay
 .text.writeNum
                0x00000000000003c0       0x3c build/sapphire_mini/utils.o
                0x00000000000003c0                writeNum
 .text.resetIntoApp
                0x00000000000003fc       0x28 build/sapphire_mini/utils.o
                0x00000000000003fc                resetIntoApp
 .text.timerTick
                0x0000000000000424       0x40 build/sapphire_mini/utils.o
                0x0000000000000424                timerTick
 .text.resetIntoBootloader
                0x0000000000000464       0x28 build/sapphire_mini/utils.o
                0x0000000000000464                resetIntoBootloader
 .text.led_tick
                0x000000000000048c       0x84 build/sapphire_mini/utils.o
                0x000000000000048c                led_tick
 .text.led_signal
                0x0000000000000510       0x28 build/sapphire_mini/utils.o
                0x0000000000000510                led_signal
 .text.led_init
                0x0000000000000538       0x10 build/sapphire_mini/utils.o
                0x0000000000000538                led_init
 .text.RGBLED_set_color
                0x0000000000000548        0x2 build/sapphire_mini/utils.o
                0x0000000000000548                RGBLED_set_color
 *fill*         0x000000000000054a        0x2 
 .text.AT91F_InitUSB
                0x000000000000054c      0x108 build/sapphire_mini/cdc_enumerate.o
                0x000000000000054c                AT91F_InitUSB
 .text.USB_ReadCore
                0x0000000000000654       0xe0 build/sapphire_mini/cdc_enumerate.o
                0x0000000000000654                USB_ReadCore
 .text.USB_Read
                0x0000000000000734        0xa build/sapphire_mini/cdc_enumerate.o
                0x0000000000000734                USB_Read
 .text.USB_ReadBlocking
                0x000000000000073e       0x22 build/sapphire_mini/cdc_enumerate.o
                0x000000000000073e                USB_ReadBlocking
 .text.USB_WriteCore
                0x0000000000000760       0x94 build/sapphire_mini/cdc_enumerate.o
                0x0000000000000760                USB_WriteCore
 .text.USB_Write
                0x00000000000007f4        0xa build/sapphire_mini/cdc_enumerate.o
                0x00000000000007f4                USB_Write
 *fill*         0x00000000000007fe        0x2 
 .text.sendCtrl
                0x0000000000000800       0x1c build/sapphire_mini/cdc_enumerate.o
 .text.AT91F_USB_SendZlp
                0x000000000000081c       0x10 build/sapphire_mini/cdc_enumerate.o
                0x000000000000081c                AT91F_USB_SendZlp
 .text.USB_Ok   0x000000000000082c      0x444 build/sapphire_mini/cdc_enumerate.o
                0x000000000000082c                USB_Ok
 .text.usb_init
                0x0000000000000c70       0x20 build/sapphire_mini/cdc_enumerate.o
                0x0000000000000c70                usb_init
 .text.cdc_write_buf
                0x0000000000000c90        0xe build/sapphire_mini/cdc_enumerate.o
                0x0000000000000c90                cdc_write_buf
 .text.cdc_write_buf_xmd
                0x0000000000000c9e        0xe build/sapphire_mini/cdc_enumerate.o
                0x0000000000000c9e                cdc_write_buf_xmd
 .text.cdc_read_buf
                0x0000000000000cac       0x1e build/sapphire_mini/cdc_enumerate.o
                0x0000000000000cac                cdc_read_buf
 .text.cdc_read_buf_xmd
                0x0000000000000cca       0x22 build/sapphire_mini/cdc_enumerate.o
                0x0000000000000cca                cdc_read_buf_xmd
 .text.padded_memcpy
                0x0000000000000cec       0x20 build/sapphire_mini/fat.o
                0x0000000000000cec                padded_memcpy
 .text.read_block
                0x0000000000000d0c      0x170 build/sapphire_mini/fat.o
                0x0000000000000d0c                read_block
 .text.write_block
                0x0000000000000e7c       0xe8 build/sapphire_mini/fat.o
                0x0000000000000e7c                write_block
 .text.startup.main
                0x0000000000000f64      0x1d4 build/sapphire_mini/main.o
                0x0000000000000f64                main
 .text.udi_msc_clear_sense
                0x0000000000001138       0x1c build/sapphire_mini/msc.o
 .text.handover_flash
                0x0000000000001154       0x34 build/sapphire_mini/msc.o
 .text.try_read_cbw
                0x0000000000001188       0x2c build/sapphire_mini/msc.o
                0x0000000000001188                try_read_cbw
 .text.udi_msc_csw_send
                0x00000000000011b4       0x14 build/sapphire_mini/msc.o
                0x00000000000011b4                udi_msc_csw_send
 .text.udi_msc_csw_process
                0x00000000000011c8       0x38 build/sapphire_mini/msc.o
 .text.udi_msc_data_send
                0x0000000000001200       0x6c build/sapphire_mini/msc.o
 .text.udi_msc_spc_mode_sense
                0x000000000000126c       0x70 build/sapphire_mini/msc.o
 .text.udi_msc_sbc_trans
                0x00000000000012dc       0xc4 build/sapphire_mini/msc.o
 .text.process_msc
                0x00000000000013a0      0x14c build/sapphire_mini/msc.o
                0x00000000000013a0                process_msc
 .text.handoverPrep
                0x00000000000014ec       0x24 build/sapphire_mini/msc.o
                0x00000000000014ec                handoverPrep
 .text.handover
                0x0000000000001510       0xe4 build/sapphire_mini/msc.o
 .text.call_applet
                0x00000000000015f4       0x20 build/sapphire_mini/sam_ba_monitor.o
                0x00000000000015f4                call_applet
 .text.put_uint32
                0x0000000000001614       0x16 build/sapphire_mini/sam_ba_monitor.o
                0x0000000000001614                put_uint32
 *fill*         0x000000000000162a        0x2 
 .text.sam_ba_monitor_run
                0x000000000000162c      0x258 build/sapphire_mini/sam_ba_monitor.o
                0x000000000000162c                sam_ba_monitor_run
 .text.recv_hf2
                0x0000000000001884       0x56 build/sapphire_mini/hid.o
                0x0000000000001884                recv_hf2
 .text.send_hf2
                0x00000000000018da       0x46 build/sapphire_mini/hid.o
                0x00000000000018da                send_hf2
 .text.send_hf2_response
                0x0000000000001920       0x14 build/sapphire_mini/hid.o
                0x0000000000001920                send_hf2_response
 .text.process_core
                0x0000000000001934       0xfc build/sapphire_mini/hid.o
                0x0000000000001934                process_core
 .text.process_hid
                0x0000000000001a30       0x18 build/sapphire_mini/hid.o
                0x0000000000001a30                process_hid
 .text.hidHandoverLoop
                0x0000000000001a48       0x24 build/sapphire_mini/hid.o
                0x0000000000001a48                hidHandoverLoop
 .text          0x0000000000001a6c       0x14 /usr/lib/gcc/arm-none-eabi/6.3.1/thumb/v6-m/libgcc.a(_thumb1_case_uqi.o)
                0x0000000000001a6c                __gnu_thumb1_case_uqi
 .text          0x0000000000001a80       0x84 /usr/lib/gcc/arm-none-eabi/6.3.1/../../../arm-none-eabi/lib/thumb/v6-m/libg_nano.a(lib_a-memcpy-stub.o)
                0x0000000000001a80                memcpy
 .text          0x0000000000001b04       0x94 /usr/lib/gcc/arm-none-eabi/6.3.1/../../../arm-none-eabi/lib/thumb/v6-m/libg_nano.a(lib_a-memset.o)
                0x0000000000001b04                memset
 .text          0x0000000000001b98       0x64 /usr/lib/gcc/arm-none-eabi/6.3.1/../../../arm-none-eabi/lib/thumb/v6-m/libg_nano.a(lib_a-strlen-stub.o)
                0x0000000000001b98                strlen
 *(.glue_7t)
 .glue_7t       0x0000000000001bfc        0x0 linker stubs
 *(.glue_7)
 .glue_7        0x0000000000001bfc        0x0 linker stubs
 *(.rodata .rodata* .gnu.linkonce.r.*)
 .rodata        0x0000000000001bfc       0x10 build/sapphire_mini/cdc_enumerate.o
 .rodata.devDescriptor
                0x0000000000001c0c       0x12 build/sapphire_mini/cdc_enumerate.o
                0x0000000000001c0c                devDescriptor
 .rodata.str1.1
                0x0000000000001c1e       0x24 build/sapphire_mini/cdc_enumerate.o
 *fill*         0x0000000000001c42        0x2 
 .rodata.string_descriptors
                0x0000000000001c44       0x10 build/sapphire_mini/cdc_enumerate.o
 .rodata.BootBlock
                0x0000000000001c54       0x3e build/sapphire_mini/fat.o
 .rodata.indexFile
                0x0000000000001c92       0x88 build/sapphire_mini/fat.o
                0x0000000000001c92                indexFile
 *fill*         0x0000000000001d1a        0x2 
 .rodata.info   0x0000000000001d1c       0x30 build/sapphire_mini/fat.o
 .rodata.infoUf2File
                0x0000000000001d4c       0x59 build/sapphire_mini/fat.o
                0x0000000000001d4c                infoUf2File
 .rodata        0x0000000000001da5        0xc build/sapphire_mini/msc.o
 .rodata.process_msc.str1.1
                0x0000000000001db1        0xe build/sapphire_mini/msc.o
 .rodata.fullVersion
                0x0000000000001db1       0x2a build/sapphire_mini/sam_ba_monitor.o
 .rodata.sam_ba_monitor_run.str1.1
                0x0000000000001ddb       0x10 build/sapphire_mini/sam_ba_monitor.o
 *(.ARM.extab* .gnu.linkonce.armextab.*)
                0x0000000000001dec                . = ALIGN (0x4)
 *fill*         0x0000000000001deb        0x1 
 *(.init)
                0x0000000000001dec                . = ALIGN (0x4)
                0x0000000000001dec                __preinit_array_start = .
 *(.preinit_array)
                0x0000000000001dec                __preinit_array_end = .
                0x0000000000001dec                . = ALIGN (0x4)
                0x0000000000001dec                __init_array_start = .
 *(SORT(.init_array.*))
 *(.init_array)
                0x0000000000001dec                __init_array_end = .
                0x0000000000001dec                . = ALIGN (0x4)
 *crtbegin.o(.ctors)
 *(EXCLUDE_FILE(*crtend.o) .ctors)
 *(SORT(.ctors.*))
 *crtend.o(.ctors)
                0x0000000000001dec                . = ALIGN (0x4)
                0x0000000000001dec                _efixed = .
                [!provide]                        PROVIDE (__exidx_start, .)

.vfp11_veneer   0x0000000000001dec        0x0
 .vfp11_veneer  0x0000000000001dec        0x0 linker stubs

.v4_bx          0x0000000000001dec        0x0
 .v4_bx         0x0000000000001dec        0x0 linker stubs

.iplt           0x0000000000001dec        0x0
 .iplt          0x0000000000001dec        0x0 build/sapphire_mini/flash_samd21.o

.igot.plt       0x0000000000001dec        0x0
 .igot.plt      0x0000000000001dec        0x0 build/sapphire_mini/flash_samd21.o

.rel.dyn        0x0000000000001dec        0x0
 .rel.iplt      0x0000000000001dec        0x0 build/sapphire_mini/flash_samd21.o

.ARM.exidx
 *(.ARM.exidx* .gnu.linkonce.armexidx.*)
                [!provide]                        PROVIDE (__exidx_end, .)
                0x0000000000001dec                . = ALIGN (0x4)
                0x0000000000001dec                _etext = .

.relocate       0x0000000020000000      0x1a4 load address 0x0000000000001dec
                0x0000000020000000                . = ALIGN (0x4)
                0x0000000020000000                _srelocate = .
 *(.ramfunc .ramfunc.*)
 *(.data .data.*)
 .data.current_cpu_frequency_MHz
                0x0000000020000000        0x4 build/sapphire_mini/init_samd21.o
                0x0000000020000000                current_cpu_frequency_MHz
 .data.led_tick_step
                0x0000000020000004        0x1 build/sapphire_mini/utils.o
                0x0000000020000004                led_tick_step
 .data.limit    0x0000000020000005        0x1 build/sapphire_mini/utils.o
 *fill*         0x0000000020000006        0x2 
 .data.bosDescriptor
                0x0000000020000008       0x39 build/sapphire_mini/cdc_enumerate.o
 *fill*         0x0000000020000041        0x3 
 .data.cfgDescriptor
                0x0000000020000044       0x79 build/sapphire_mini/cdc_enumerate.o
                0x0000000020000044                cfgDescriptor
 *fill*         0x00000000200000bd        0x3 
 .data.line_coding
                0x00000000200000c0        0x8 build/sapphire_mini/cdc_enumerate.o
 .data.msOS20Descriptor
                0x00000000200000c8       0xaa build/sapphire_mini/cdc_enumerate.o
 .data.udi_msc_csw
                0x0000000020000172        0xd build/sapphire_mini/msc.o
 *fill*         0x000000002000017f        0x1 
 .data.udi_msc_inquiry_data.11977
                0x0000000020000180       0x24 build/sapphire_mini/msc.o
                0x00000000200001a4                . = ALIGN (0x4)
                0x00000000200001a4                _erelocate = .

.bss            0x00000000200001a4      0xa84 load address 0x0000000000001f90
                0x00000000200001a4                . = ALIGN (0x4)
                0x00000000200001a4                _sbss = .
                0x00000000200001a4                _szero = .
 *(.bss .bss.*)
 .bss.crcCache  0x00000000200001a4      0x200 build/sapphire_mini/usart_sam_ba.o
 .bss.led_tick_on
                0x00000000200003a4        0x1 build/sapphire_mini/utils.o
                0x00000000200003a4                led_tick_on
 *fill*         0x00000000200003a5        0x3 
 .bss.now       0x00000000200003a8        0x4 build/sapphire_mini/utils.o
 .bss.signal_end
                0x00000000200003ac        0x4 build/sapphire_mini/utils.o
 .bss.timerLow  0x00000000200003b0        0x4 build/sapphire_mini/utils.o
 .bss.currentConfiguration
                0x00000000200003b4        0x1 build/sapphire_mini/cdc_enumerate.o
 .bss.serial_number
                0x00000000200003b5       0x21 build/sapphire_mini/cdc_enumerate.o
 .bss.wLength   0x00000000200003d6        0x2 build/sapphire_mini/cdc_enumerate.o
 .bss.main_b_cdc_enable
                0x00000000200003d8        0x1 build/sapphire_mini/main.o
 *fill*         0x00000000200003d9        0x3 
 .bss.block_buffer
                0x00000000200003dc      0x200 build/sapphire_mini/msc.o
 .bss.sense.12000
                0x00000000200005dc       0x14 build/sapphire_mini/msc.o
 .bss.udi_msc_capacity.12010
                0x00000000200005f0        0x8 build/sapphire_mini/msc.o
 .bss.udi_msc_cbw
                0x00000000200005f8       0x1f build/sapphire_mini/msc.o
 .bss.udi_msc_sense
                0x0000000020000617       0x12 build/sapphire_mini/msc.o
 *fill*         0x0000000020000629        0x3 
 .bss.usbWriteState
                0x000000002000062c       0x98 build/sapphire_mini/msc.o
 .bss.b_sam_ba_interface_usart
                0x00000000200006c4        0x1 build/sapphire_mini/sam_ba_monitor.o
                0x00000000200006c4                b_sam_ba_interface_usart
 *fill*         0x00000000200006c5        0x3 
 .bss.src_buff_addr.11422
                0x00000000200006c8        0x4 build/sapphire_mini/sam_ba_monitor.o
 .bss.webbufData
                0x00000000200006cc      0x188 build/sapphire_mini/hid.o
 *(COMMON)
 COMMON         0x0000000020000854        0x8 build/sapphire_mini/utils.o
                0x0000000020000854                timerHigh
                0x0000000020000858                resetHorizon
 COMMON         0x000000002000085c      0x364 build/sapphire_mini/cdc_enumerate.o
                0x000000002000085c                ctrlOutCache
                0x00000000200008a0                usb_endpoint_table
                0x00000000200009a0                endpointCache
 COMMON         0x0000000020000bc0       0x68 build/sapphire_mini/sam_ba_monitor.o
                0x0000000020000bc0                j
                0x0000000020000bc4                length
                0x0000000020000bc8                ptr
                0x0000000020000bcc                command
                0x0000000020000bd0                i
                0x0000000020000bd4                data
                0x0000000020000c18                ptr_data
                0x0000000020000c1c                sp
                0x0000000020000c20                current_number
                0x0000000020000c24                u32tmp
                0x0000000020000c28                . = ALIGN (0x4)
                0x0000000020000c28                _ebss = .
                0x0000000020000c28                _ezero = .

.stack          0x0000000020000c28     0x2000 load address 0x0000000000002a14
                0x0000000020000c28                . = ALIGN (0x8)
                0x0000000020000c28                _sstack = .
                0x0000000020002c28                . = (. + STACK_SIZE)
 *fill*         0x0000000020000c28     0x2000 
                0x0000000020002c28                . = ALIGN (0x8)
                0x0000000020002c28                _estack = .
                0x0000000020002c28                . = ALIGN (0x4)
                0x0000000020002c28                _end = .
                0x0000000000001ff0                _binfo_start = 0x1ff0

.binfo          0x0000000000001ff0       0x10
 *(.binfo)
 .binfo         0x0000000000001ff0       0x10 build/sapphire_mini/msc.o
                0x0000000000001ff0                binfo
OUTPUT(build/sapphire_mini/bootloader-sapphire_mini-v3.14.0-10-g52deb7d.elf elf32-littlearm)

.debug_info     0x0000000000000000    0x1b07b
 .debug_info    0x0000000000000000      0xfa7 build/sapphire_mini/flash_samd21.o
 .debug_info    0x0000000000000fa7     0x234a build/sapphire_mini/init_samd21.o
 .debug_info    0x00000000000032f1     0x35cc build/sapphire_mini/startup_samd21.o
 .debug_info    0x00000000000068bd     0x3d3a build/sapphire_mini/usart_sam_ba.o
 .debug_info    0x000000000000a5f7     0x1253 build/sapphire_mini/utils.o
 .debug_info    0x000000000000b84a     0x4398 build/sapphire_mini/cdc_enumerate.o
 .debug_info    0x000000000000fbe2      0xfcc build/sapphire_mini/fat.o
 .debug_info    0x0000000000010bae     0x2ff0 build/sapphire_mini/main.o
 .debug_info    0x0000000000013b9e     0x38d7 build/sapphire_mini/msc.o
 .debug_info    0x0000000000017475      0xe04 build/sapphire_mini/sam_ba_monitor.o
 .debug_info    0x0000000000018279     0x1225 build/sapphire_mini/hid.o
 .debug_info    0x000000000001949e       0xbf /usr/lib/gcc/arm-none-eabi/6.3.1/thumb/v6-m/libgcc.a(_thumb1_case_uqi.o)
 .debug_info    0x000000000001955d      0x92f /usr/lib/gcc/arm-none-eabi/6.3.1/../../../arm-none-eabi/lib/thumb/v6-m/libg_nano.a(lib_a-memcpy-stub.o)
 .debug_info    0x0000000000019e8c      0x916 /usr/lib/gcc/arm-none-eabi/6.3.1/../../../arm-none-eabi/lib/thumb/v6-m/libg_nano.a(lib_a-memset.o)
 .debug_info    0x000000000001a7a2      0x8d9 /usr/lib/gcc/arm-none-eabi/6.3.1/../../../arm-none-eabi/lib/thumb/v6-m/libg_nano.a(lib_a-strlen-stub.o)

.debug_abbrev   0x0000000000000000     0x2b61
 .debug_abbrev  0x0000000000000000      0x2af build/sapphire_mini/flash_samd21.o
 .debug_abbrev  0x00000000000002af      0x32e build/sapphire_mini/init_samd21.o
 .debug_abbrev  0x00000000000005dd      0x25b build/sapphire_mini/startup_samd21.o
 .debug_abbrev  0x0000000000000838      0x487 build/sapphire_mini/usart_sam_ba.o
 .debug_abbrev  0x0000000000000cbf      0x35d build/sapphire_mini/utils.o
 .debug_abbrev  0x000000000000101c      0x46c build/sapphire_mini/cdc_enumerate.o
 .debug_abbrev  0x0000000000001488      0x301 build/sapphire_mini/fat.o
 .debug_abbrev  0x0000000000001789      0x354 build/sapphire_mini/main.o
 .debug_abbrev  0x0000000000001add      0x4c1 build/sapphire_mini/msc.o
 .debug_abbrev  0x0000000000001f9e      0x377 build/sapphire_mini/sam_ba_monitor.o
 .debug_abbrev  0x0000000000002315      0x385 build/sapphire_mini/hid.o
 .debug_abbrev  0x000000000000269a       0x14 /usr/lib/gcc/arm-none-eabi/6.3.1/thumb/v6-m/libgcc.a(_thumb1_case_uqi.o)
 .debug_abbrev  0x00000000000026ae      0x1a3 /usr/lib/gcc/arm-none-eabi/6.3.1/../../../arm-none-eabi/lib/thumb/v6-m/libg_nano.a(lib_a-memcpy-stub.o)
 .debug_abbrev  0x0000000000002851      0x197 /usr/lib/gcc/arm-none-eabi/6.3.1/../../../arm-none-eabi/lib/thumb/v6-m/libg_nano.a(lib_a-memset.o)
 .debug_abbrev  0x00000000000029e8      0x179 /usr/lib/gcc/arm-none-eabi/6.3.1/../../../arm-none-eabi/lib/thumb/v6-m/libg_nano.a(lib_a-strlen-stub.o)

.debug_loc      0x0000000000000000     0x2d79
 .debug_loc     0x0000000000000000      0x3b9 build/sapphire_mini/flash_samd21.o
 .debug_loc     0x00000000000003b9       0x78 build/sapphire_mini/init_samd21.o
 .debug_loc     0x0000000000000431       0x2b build/sapphire_mini/startup_samd21.o
 .debug_loc     0x000000000000045c      0x83f build/sapphire_mini/usart_sam_ba.o
 .debug_loc     0x0000000000000c9b      0x10f build/sapphire_mini/utils.o
 .debug_loc     0x0000000000000daa      0xaaf build/sapphire_mini/cdc_enumerate.o
 .debug_loc     0x0000000000001859      0x4a7 build/sapphire_mini/fat.o
 .debug_loc     0x0000000000001d00       0x6e build/sapphire_mini/main.o
 .debug_loc     0x0000000000001d6e      0x4a0 build/sapphire_mini/msc.o
 .debug_loc     0x000000000000220e      0x1b7 build/sapphire_mini/sam_ba_monitor.o
 .debug_loc     0x00000000000023c5      0x492 build/sapphire_mini/hid.o
 .debug_loc     0x0000000000002857      0x2c0 /usr/lib/gcc/arm-none-eabi/6.3.1/../../../arm-none-eabi/lib/thumb/v6-m/libg_nano.a(lib_a-memcpy-stub.o)
 .debug_loc     0x0000000000002b17      0x1a4 /usr/lib/gcc/arm-none-eabi/6.3.1/../../../arm-none-eabi/lib/thumb/v6-m/libg_nano.a(lib_a-memset.o)
 .debug_loc     0x0000000000002cbb       0xbe /usr/lib/gcc/arm-none-eabi/6.3.1/../../../arm-none-eabi/lib/thumb/v6-m/libg_nano.a(lib_a-strlen-stub.o)

.debug_aranges  0x0000000000000000      0x410
 .debug_aranges
                0x0000000000000000       0x48 build/sapphire_mini/flash_samd21.o
 .debug_aranges
                0x0000000000000048       0x38 build/sapphire_mini/init_samd21.o
 .debug_aranges
                0x0000000000000080       0x30 build/sapphire_mini/startup_samd21.o
 .debug_aranges
                0x00000000000000b0       0x88 build/sapphire_mini/usart_sam_ba.o
 .debug_aranges
                0x0000000000000138       0x68 build/sapphire_mini/utils.o
 .debug_aranges
                0x00000000000001a0       0x98 build/sapphire_mini/cdc_enumerate.o
 .debug_aranges
                0x0000000000000238       0x30 build/sapphire_mini/fat.o
 .debug_aranges
                0x0000000000000268       0x20 build/sapphire_mini/main.o
 .debug_aranges
                0x0000000000000288       0x80 build/sapphire_mini/msc.o
 .debug_aranges
                0x0000000000000308       0x40 build/sapphire_mini/sam_ba_monitor.o
 .debug_aranges
                0x0000000000000348       0x48 build/sapphire_mini/hid.o
 .debug_aranges
                0x0000000000000390       0x20 /usr/lib/gcc/arm-none-eabi/6.3.1/thumb/v6-m/libgcc.a(_thumb1_case_uqi.o)
 .debug_aranges
                0x00000000000003b0       0x20 /usr/lib/gcc/arm-none-eabi/6.3.1/../../../arm-none-eabi/lib/thumb/v6-m/libg_nano.a(lib_a-memcpy-stub.o)
 .debug_aranges
                0x00000000000003d0       0x20 /usr/lib/gcc/arm-none-eabi/6.3.1/../../../arm-none-eabi/lib/thumb/v6-m/libg_nano.a(lib_a-memset.o)
 .debug_aranges
                0x00000000000003f0       0x20 /usr/lib/gcc/arm-none-eabi/6.3.1/../../../arm-none-eabi/lib/thumb/v6-m/libg_nano.a(lib_a-strlen-stub.o)

.debug_ranges   0x0000000000000000      0x5c0
 .debug_ranges  0x0000000000000000       0xa0 build/sapphire_mini/flash_samd21.o
 .debug_ranges  0x00000000000000a0       0x48 build/sapphire_mini/init_samd21.o
 .debug_ranges  0x00000000000000e8       0x20 build/sapphire_mini/startup_samd21.o
 .debug_ranges  0x0000000000000108       0x90 build/sapphire_mini/usart_sam_ba.o
 .debug_ranges  0x0000000000000198       0x70 build/sapphire_mini/utils.o
 .debug_ranges  0x0000000000000208       0xd8 build/sapphire_mini/cdc_enumerate.o
 .debug_ranges  0x00000000000002e0       0xf8 build/sapphire_mini/fat.o
 .debug_ranges  0x00000000000003d8       0x28 build/sapphire_mini/main.o
 .debug_ranges  0x0000000000000400       0xd8 build/sapphire_mini/msc.o
 .debug_ranges  0x00000000000004d8       0x60 build/sapphire_mini/sam_ba_monitor.o
 .debug_ranges  0x0000000000000538       0x88 build/sapphire_mini/hid.o

.debug_line     0x0000000000000000     0x247f
 .debug_line    0x0000000000000000      0x23f build/sapphire_mini/flash_samd21.o
 .debug_line    0x000000000000023f      0x246 build/sapphire_mini/init_samd21.o
 .debug_line    0x0000000000000485      0x196 build/sapphire_mini/startup_samd21.o
 .debug_line    0x000000000000061b      0x3e4 build/sapphire_mini/usart_sam_ba.o
 .debug_line    0x00000000000009ff      0x2d0 build/sapphire_mini/utils.o
 .debug_line    0x0000000000000ccf      0x489 build/sapphire_mini/cdc_enumerate.o
 .debug_line    0x0000000000001158      0x26d build/sapphire_mini/fat.o
 .debug_line    0x00000000000013c5      0x2a8 build/sapphire_mini/main.o
 .debug_line    0x000000000000166d      0x46d build/sapphire_mini/msc.o
 .debug_line    0x0000000000001ada      0x298 build/sapphire_mini/sam_ba_monitor.o
 .debug_line    0x0000000000001d72      0x246 build/sapphire_mini/hid.o
 .debug_line    0x0000000000001fb8       0x69 /usr/lib/gcc/arm-none-eabi/6.3.1/thumb/v6-m/libgcc.a(_thumb1_case_uqi.o)
 .debug_line    0x0000000000002021      0x181 /usr/lib/gcc/arm-none-eabi/6.3.1/../../../arm-none-eabi/lib/thumb/v6-m/libg_nano.a(lib_a-memcpy-stub.o)
 .debug_line    0x00000000000021a2      0x16d /usr/lib/gcc/arm-none-eabi/6.3.1/../../../arm-none-eabi/lib/thumb/v6-m/libg_nano.a(lib_a-memset.o)
 .debug_line    0x000000000000230f      0x170 /usr/lib/gcc/arm-none-eabi/6.3.1/../../../arm-none-eabi/lib/thumb/v6-m/libg_nano.a(lib_a-strlen-stub.o)

.debug_str      0x0000000000000000     0x40b9
 .debug_str     0x0000000000000000      0x709 build/sapphire_mini/flash_samd21.o
                                        0x80c (size before relaxing)
 .debug_str     0x0000000000000709      0x6f4 build/sapphire_mini/init_samd21.o
                                        0xe9c (size before relaxing)
 .debug_str     0x0000000000000dfd      0xedd build/sapphire_mini/startup_samd21.o
                                       0x1340 (size before relaxing)
 .debug_str     0x0000000000001cda      0xc48 build/sapphire_mini/usart_sam_ba.o
                                       0x13d7 (size before relaxing)
 .debug_str     0x0000000000002922       0xc3 build/sapphire_mini/utils.o
                                        0x87d (size before relaxing)
 .debug_str     0x00000000000029e5      0x404 build/sapphire_mini/cdc_enumerate.o
                                       0x1603 (size before relaxing)
 .debug_str     0x0000000000002de9      0x29f build/sapphire_mini/fat.o
                                        0x8e5 (size before relaxing)
 .debug_str     0x0000000000003088      0x12e build/sapphire_mini/main.o
                                       0x10fe (size before relaxing)
 .debug_str     0x00000000000031b6      0x9dc build/sapphire_mini/msc.o
                                       0x18a9 (size before relaxing)
 .debug_str     0x0000000000003b92       0xa9 build/sapphire_mini/sam_ba_monitor.o
                                        0x79f (size before relaxing)
 .debug_str     0x0000000000003c3b      0x1f4 build/sapphire_mini/hid.o
                                        0x8c5 (size before relaxing)
 .debug_str     0x0000000000003e2f      0x1ac /usr/lib/gcc/arm-none-eabi/6.3.1/../../../arm-none-eabi/lib/thumb/v6-m/libg_nano.a(lib_a-memcpy-stub.o)
                                        0x5e5 (size before relaxing)
 .debug_str     0x0000000000003fdb       0xa0 /usr/lib/gcc/arm-none-eabi/6.3.1/../../../arm-none-eabi/lib/thumb/v6-m/libg_nano.a(lib_a-memset.o)
                                        0x5c0 (size before relaxing)
 .debug_str     0x000000000000407b       0x3e /usr/lib/gcc/arm-none-eabi/6.3.1/../../../arm-none-eabi/lib/thumb/v6-m/libg_nano.a(lib_a-strlen-stub.o)
                                        0x5d1 (size before relaxing)

.comment        0x0000000000000000       0x31
 .comment       0x0000000000000000       0x31 build/sapphire_mini/flash_samd21.o
                                         0x32 (size before relaxing)
 .comment       0x0000000000000031       0x32 build/sapphire_mini/init_samd21.o
 .comment       0x0000000000000031       0x32 build/sapphire_mini/startup_samd21.o
 .comment       0x0000000000000031       0x32 build/sapphire_mini/usart_sam_ba.o
 .comment       0x0000000000000031       0x32 build/sapphire_mini/utils.o
 .comment       0x0000000000000031       0x32 build/sapphire_mini/cdc_enumerate.o
 .comment       0x0000000000000031       0x32 build/sapphire_mini/fat.o
 .comment       0x0000000000000031       0x32 build/sapphire_mini/main.o
 .comment       0x0000000000000031       0x32 build/sapphire_mini/msc.o
 .comment       0x0000000000000031       0x32 build/sapphire_mini/sam_ba_monitor.o
 .comment       0x0000000000000031       0x32 build/sapphire_mini/hid.o
 .comment       0x0000000000000031       0x32 /usr/lib/gcc/arm-none-eabi/6.3.1/../../../arm-none-eabi/lib/thumb/v6-m/libg_nano.a(lib_a-memcpy-stub.o)
 .comment       0x0000000000000031       0x32 /usr/lib/gcc/arm-none-eabi/6.3.1/../../../arm-none-eabi/lib/thumb/v6-m/libg_nano.a(lib_a-memset.o)
 .comment       0x0000000000000031       0x32 /usr/lib/gcc/arm-none-eabi/6.3.1/../../../arm-none-eabi/lib/thumb/v6-m/libg_nano.a(lib_a-strlen-stub.o)

.ARM.attributes
                0x0000000000000000       0x32
 .ARM.attributes
                0x0000000000000000       0x32 build/sapphire_mini/flash_samd21.o
 .ARM.attributes
                0x0000000000000032       0x32 build/sapphire_mini/init_samd21.o
 .ARM.attributes
                0x0000000000000064       0x32 build/sapphire_mini/startup_samd21.o
 .ARM.attributes
                0x0000000000000096       0x32 build/sapphire_mini/usart_sam_ba.o
 .ARM.attributes
                0x00000000000000c8       0x32 build/sapphire_mini/utils.o
 .ARM.attributes
                0x00000000000000fa       0x32 build/sapphire_mini/cdc_enumerate.o
 .ARM.attributes
                0x000000000000012c       0x32 build/sapphire_mini/fat.o
 .ARM.attributes
                0x000000000000015e       0x32 build/sapphire_mini/main.o
 .ARM.attributes
                0x0000000000000190       0x32 build/sapphire_mini/msc.o
 .ARM.attributes
                0x00000000000001c2       0x32 build/sapphire_mini/sam_ba_monitor.o
 .ARM.attributes
                0x00000000000001f4       0x32 build/sapphire_mini/hid.o
 .ARM.attributes
                0x0000000000000226       0x1e /usr/lib/gcc/arm-none-eabi/6.3.1/thumb/v6-m/libgcc.a(_thumb1_case_uqi.o)
 .ARM.attributes
                0x0000000000000244       0x2c /usr/lib/gcc/arm-none-eabi/6.3.1/../../../arm-none-eabi/lib/thumb/v6-m/libg_nano.a(lib_a-memcpy-stub.o)
 .ARM.attributes
                0x0000000000000270       0x2c /usr/lib/gcc/arm-none-eabi/6.3.1/../../../arm-none-eabi/lib/thumb/v6-m/libg_nano.a(lib_a-memset.o)
 .ARM.attributes
                0x000000000000029c       0x2c /usr/lib/gcc/arm-none-eabi/6.3.1/../../../arm-none-eabi/lib/thumb/v6-m/libg_nano.a(lib_a-strlen-stub.o)

.debug_frame    0x0000000000000000      0x970
 .debug_frame   0x0000000000000000       0xb0 build/sapphire_mini/flash_samd21.o
 .debug_frame   0x00000000000000b0       0x68 build/sapphire_mini/init_samd21.o
 .debug_frame   0x0000000000000118       0x4c build/sapphire_mini/startup_samd21.o
 .debug_frame   0x0000000000000164      0x184 build/sapphire_mini/usart_sam_ba.o
 .debug_frame   0x00000000000002e8       0xd0 build/sapphire_mini/utils.o
 .debug_frame   0x00000000000003b8      0x1d0 build/sapphire_mini/cdc_enumerate.o
 .debug_frame   0x0000000000000588       0x68 build/sapphire_mini/fat.o
 .debug_frame   0x00000000000005f0       0x30 build/sapphire_mini/main.o
 .debug_frame   0x0000000000000620      0x174 build/sapphire_mini/msc.o
 .debug_frame   0x0000000000000794       0x94 build/sapphire_mini/sam_ba_monitor.o
 .debug_frame   0x0000000000000828       0xc0 build/sapphire_mini/hid.o
 .debug_frame   0x00000000000008e8       0x30 /usr/lib/gcc/arm-none-eabi/6.3.1/../../../arm-none-eabi/lib/thumb/v6-m/libg_nano.a(lib_a-memcpy-stub.o)
 .debug_frame   0x0000000000000918       0x30 /usr/lib/gcc/arm-none-eabi/6.3.1/../../../arm-none-eabi/lib/thumb/v6-m/libg_nano.a(lib_a-memset.o)
 .debug_frame   0x0000000000000948       0x28 /usr/lib/gcc/arm-none-eabi/6.3.1/../../../arm-none-eabi/lib/thumb/v6-m/libg_nano.a(lib_a-strlen-stub.o)

Cross Reference Table

Symbol                                            File
AC_Handler                                        build/sapphire_mini/startup_samd21.o
ADC_Handler                                       build/sapphire_mini/startup_samd21.o
AT91F_InitUSB                                     build/sapphire_mini/cdc_enumerate.o
AT91F_USB_SendZlp                                 build/sapphire_mini/cdc_enumerate.o
DAC_Handler                                       build/sapphire_mini/startup_samd21.o
DMAC_Handler                                      build/sapphire_mini/startup_samd21.o
Dummy_Handler                                     build/sapphire_mini/startup_samd21.o
EIC_Handler                                       build/sapphire_mini/startup_samd21.o
EVSYS_Handler                                     build/sapphire_mini/startup_samd21.o
HardFault_Handler                                 build/sapphire_mini/startup_samd21.o
I2S_Handler                                       build/sapphire_mini/startup_samd21.o
NMI_Handler                                       build/sapphire_mini/startup_samd21.o
NVMCTRL_Handler                                   build/sapphire_mini/startup_samd21.o
PM_Handler                                        build/sapphire_mini/startup_samd21.o
PTC_Handler                                       build/sapphire_mini/startup_samd21.o
PendSV_Handler                                    build/sapphire_mini/startup_samd21.o
RGBLED_set_color                                  build/sapphire_mini/utils.o
                                                  build/sapphire_mini/sam_ba_monitor.o
                                                  build/sapphire_mini/main.o
RTC_Handler                                       build/sapphire_mini/startup_samd21.o
Reset_Handler                                     build/sapphire_mini/startup_samd21.o
SERCOM0_Handler                                   build/sapphire_mini/startup_samd21.o
SERCOM1_Handler                                   build/sapphire_mini/startup_samd21.o
SERCOM2_Handler                                   build/sapphire_mini/startup_samd21.o
SERCOM3_Handler                                   build/sapphire_mini/startup_samd21.o
SERCOM4_Handler                                   build/sapphire_mini/startup_samd21.o
SERCOM5_Handler                                   build/sapphire_mini/startup_samd21.o
SVC_Handler                                       build/sapphire_mini/startup_samd21.o
SYSCTRL_Handler                                   build/sapphire_mini/startup_samd21.o
SysTick_Handler                                   build/sapphire_mini/init_samd21.o
TC3_Handler                                       build/sapphire_mini/startup_samd21.o
TC4_Handler                                       build/sapphire_mini/startup_samd21.o
TC5_Handler                                       build/sapphire_mini/startup_samd21.o
TCC0_Handler                                      build/sapphire_mini/startup_samd21.o
TCC1_Handler                                      build/sapphire_mini/startup_samd21.o
TCC2_Handler                                      build/sapphire_mini/startup_samd21.o
USB_Handler                                       build/sapphire_mini/startup_samd21.o
USB_Ok                                            build/sapphire_mini/cdc_enumerate.o
                                                  build/sapphire_mini/msc.o
                                                  build/sapphire_mini/main.o
USB_Read                                          build/sapphire_mini/cdc_enumerate.o
USB_ReadBlocking                                  build/sapphire_mini/cdc_enumerate.o
                                                  build/sapphire_mini/msc.o
USB_ReadCore                                      build/sapphire_mini/cdc_enumerate.o
                                                  build/sapphire_mini/hid.o
                                                  build/sapphire_mini/msc.o
USB_Write                                         build/sapphire_mini/cdc_enumerate.o
                                                  build/sapphire_mini/msc.o
USB_WriteCore                                     build/sapphire_mini/cdc_enumerate.o
                                                  build/sapphire_mini/hid.o
                                                  build/sapphire_mini/msc.o
WDT_Handler                                       build/sapphire_mini/startup_samd21.o
__gnu_thumb1_case_uqi                             /usr/lib/gcc/arm-none-eabi/6.3.1/thumb/v6-m/libgcc.a(_thumb1_case_uqi.o)
                                                  build/sapphire_mini/hid.o
_erelocate                                        build/sapphire_mini/startup_samd21.o
_estack                                           build/sapphire_mini/startup_samd21.o
_etext                                            build/sapphire_mini/startup_samd21.o
_ezero                                            build/sapphire_mini/startup_samd21.o
_sfixed                                           build/sapphire_mini/startup_samd21.o
_srelocate                                        build/sapphire_mini/startup_samd21.o
_szero                                            build/sapphire_mini/startup_samd21.o
add_crc                                           build/sapphire_mini/usart_sam_ba.o
                                                  build/sapphire_mini/hid.o
                                                  build/sapphire_mini/sam_ba_monitor.o
arrowLogo                                         build/sapphire_mini/images.o
b_sam_ba_interface_usart                          build/sapphire_mini/sam_ba_monitor.o
b_sharp_received                                  build/sapphire_mini/usart_sam_ba.o
binfo                                             build/sapphire_mini/msc.o
buffer_rx_usart                                   build/sapphire_mini/usart_sam_ba.o
buffer_tx_usart                                   build/sapphire_mini/usart_sam_ba.o
call_applet                                       build/sapphire_mini/sam_ba_monitor.o
cdc_is_rx_ready                                   build/sapphire_mini/cdc_enumerate.o
cdc_read_buf                                      build/sapphire_mini/cdc_enumerate.o
                                                  build/sapphire_mini/sam_ba_monitor.o
cdc_read_buf_xmd                                  build/sapphire_mini/cdc_enumerate.o
                                                  build/sapphire_mini/sam_ba_monitor.o
cdc_write_buf                                     build/sapphire_mini/cdc_enumerate.o
                                                  build/sapphire_mini/sam_ba_monitor.o
cdc_write_buf_xmd                                 build/sapphire_mini/cdc_enumerate.o
                                                  build/sapphire_mini/sam_ba_monitor.o
cfgDescriptor                                     build/sapphire_mini/cdc_enumerate.o
command                                           build/sapphire_mini/sam_ba_monitor.o
copy_words                                        build/sapphire_mini/flash_samd21.o
                                                  build/sapphire_mini/hid.o
ctrlOutCache                                      build/sapphire_mini/cdc_enumerate.o
current_cpu_frequency_MHz                         build/sapphire_mini/init_samd21.o
                                                  build/sapphire_mini/utils.o
current_number                                    build/sapphire_mini/sam_ba_monitor.o
data                                              build/sapphire_mini/sam_ba_monitor.o
delay                                             build/sapphire_mini/utils.o
                                                  build/sapphire_mini/main.o
devDescriptor                                     build/sapphire_mini/cdc_enumerate.o
endpointCache                                     build/sapphire_mini/cdc_enumerate.o
error_timeout                                     build/sapphire_mini/usart_sam_ba.o
exception_table                                   build/sapphire_mini/startup_samd21.o
fileLogo                                          build/sapphire_mini/images.o
flash_erase_row                                   build/sapphire_mini/flash_samd21.o
flash_erase_to_end                                build/sapphire_mini/flash_samd21.o
                                                  build/sapphire_mini/sam_ba_monitor.o
flash_write                                       build/sapphire_mini/flash_samd21.o
flash_write_row                                   build/sapphire_mini/flash_samd21.o
                                                  build/sapphire_mini/hid.o
                                                  build/sapphire_mini/fat.o
flash_write_words                                 build/sapphire_mini/flash_samd21.o
                                                  build/sapphire_mini/sam_ba_monitor.o
font8                                             build/sapphire_mini/images.o
g_interrupt_enabled                               build/sapphire_mini/init_samd21.o
getPacket                                         build/sapphire_mini/usart_sam_ba.o
handoverPrep                                      build/sapphire_mini/msc.o
                                                  build/sapphire_mini/hid.o
hidHandoverLoop                                   build/sapphire_mini/hid.o
                                                  build/sapphire_mini/msc.o
i                                                 build/sapphire_mini/sam_ba_monitor.o
idx_rx_read                                       build/sapphire_mini/usart_sam_ba.o
idx_rx_write                                      build/sapphire_mini/usart_sam_ba.o
idx_tx_read                                       build/sapphire_mini/usart_sam_ba.o
idx_tx_write                                      build/sapphire_mini/usart_sam_ba.o
indexFile                                         build/sapphire_mini/fat.o
infoUf2File                                       build/sapphire_mini/fat.o
                                                  build/sapphire_mini/hid.o
                                                  build/sapphire_mini/msc.o
j                                                 build/sapphire_mini/sam_ba_monitor.o
led_init                                          build/sapphire_mini/utils.o
                                                  build/sapphire_mini/main.o
led_signal                                        build/sapphire_mini/utils.o
                                                  build/sapphire_mini/sam_ba_monitor.o
                                                  build/sapphire_mini/msc.o
led_tick                                          build/sapphire_mini/utils.o
                                                  build/sapphire_mini/init_samd21.o
led_tick_on                                       build/sapphire_mini/utils.o
led_tick_step                                     build/sapphire_mini/utils.o
                                                  build/sapphire_mini/main.o
length                                            build/sapphire_mini/sam_ba_monitor.o
main                                              build/sapphire_mini/main.o
                                                  build/sapphire_mini/startup_samd21.o
memcpy                                            /usr/lib/gcc/arm-none-eabi/6.3.1/../../../arm-none-eabi/lib/thumb/v6-m/libg_nano.a(lib_a-memcpy-stub.o)
                                                  build/sapphire_mini/hid.o
                                                  build/sapphire_mini/sam_ba_monitor.o
                                                  build/sapphire_mini/msc.o
                                                  build/sapphire_mini/fat.o
                                                  build/sapphire_mini/cdc_enumerate.o
memset                                            /usr/lib/gcc/arm-none-eabi/6.3.1/../../../arm-none-eabi/lib/thumb/v6-m/libg_nano.a(lib_a-memset.o)
                                                  build/sapphire_mini/hid.o
                                                  build/sapphire_mini/msc.o
                                                  build/sapphire_mini/fat.o
                                                  build/sapphire_mini/cdc_enumerate.o
mode_of_transfer                                  build/sapphire_mini/usart_sam_ba.o
mscReset                                          build/sapphire_mini/msc.o
msc_reset                                         build/sapphire_mini/msc.o
padded_memcpy                                     build/sapphire_mini/fat.o
                                                  build/sapphire_mini/msc.o
panic                                             build/sapphire_mini/utils.o
pendriveLogo                                      build/sapphire_mini/images.o
process_core                                      build/sapphire_mini/hid.o
process_hid                                       build/sapphire_mini/hid.o
                                                  build/sapphire_mini/msc.o
process_msc                                       build/sapphire_mini/msc.o
                                                  build/sapphire_mini/sam_ba_monitor.o
ptr                                               build/sapphire_mini/sam_ba_monitor.o
ptr_data                                          build/sapphire_mini/sam_ba_monitor.o
put_uint32                                        build/sapphire_mini/sam_ba_monitor.o
read_block                                        build/sapphire_mini/fat.o
                                                  build/sapphire_mini/msc.o
recv_hf2                                          build/sapphire_mini/hid.o
resetHorizon                                      build/sapphire_mini/utils.o
                                                  build/sapphire_mini/main.o
                                                  build/sapphire_mini/fat.o
resetIntoApp                                      build/sapphire_mini/utils.o
                                                  build/sapphire_mini/hid.o
                                                  build/sapphire_mini/msc.o
resetIntoBootloader                               build/sapphire_mini/utils.o
                                                  build/sapphire_mini/hid.o
                                                  build/sapphire_mini/msc.o
                                                  build/sapphire_mini/main.o
reset_ep                                          build/sapphire_mini/cdc_enumerate.o
                                                  build/sapphire_mini/msc.o
sam_ba_monitor_init                               build/sapphire_mini/sam_ba_monitor.o
sam_ba_monitor_run                                build/sapphire_mini/sam_ba_monitor.o
                                                  build/sapphire_mini/main.o
sam_ba_putdata_term                               build/sapphire_mini/sam_ba_monitor.o
send_hf2                                          build/sapphire_mini/hid.o
send_hf2_response                                 build/sapphire_mini/hid.o
size_of_data                                      build/sapphire_mini/usart_sam_ba.o
sp                                                build/sapphire_mini/sam_ba_monitor.o
stall_ep                                          build/sapphire_mini/cdc_enumerate.o
                                                  build/sapphire_mini/msc.o
strlen                                            /usr/lib/gcc/arm-none-eabi/6.3.1/../../../arm-none-eabi/lib/thumb/v6-m/libg_nano.a(lib_a-strlen-stub.o)
                                                  build/sapphire_mini/hid.o
                                                  build/sapphire_mini/fat.o
                                                  build/sapphire_mini/cdc_enumerate.o
system_init                                       build/sapphire_mini/init_samd21.o
                                                  build/sapphire_mini/main.o
timerHigh                                         build/sapphire_mini/utils.o
                                                  build/sapphire_mini/main.o
                                                  build/sapphire_mini/fat.o
timerTick                                         build/sapphire_mini/utils.o
                                                  build/sapphire_mini/cdc_enumerate.o
try_read_cbw                                      build/sapphire_mini/msc.o
u32tmp                                            build/sapphire_mini/sam_ba_monitor.o
uart_basic_init                                   build/sapphire_mini/uart_driver.o
                                                  build/sapphire_mini/usart_sam_ba.o
uart_disable                                      build/sapphire_mini/uart_driver.o
                                                  build/sapphire_mini/usart_sam_ba.o
uart_drv_error_flag                               build/sapphire_mini/uart_driver.o
uart_get_sercom_index                             build/sapphire_mini/uart_driver.o
                                                  build/sapphire_mini/usart_sam_ba.o
uart_read_buffer_polled                           build/sapphire_mini/uart_driver.o
uart_read_byte                                    build/sapphire_mini/uart_driver.o
                                                  build/sapphire_mini/usart_sam_ba.o
uart_write_buffer_polled                          build/sapphire_mini/uart_driver.o
uart_write_byte                                   build/sapphire_mini/uart_driver.o
                                                  build/sapphire_mini/usart_sam_ba.o
udd_ep_set_halt                                   build/sapphire_mini/msc.o
udi_msc_csw_send                                  build/sapphire_mini/msc.o
usart_close                                       build/sapphire_mini/usart_sam_ba.o
usart_getc                                        build/sapphire_mini/usart_sam_ba.o
usart_getdata                                     build/sapphire_mini/usart_sam_ba.o
usart_getdata_xmd                                 build/sapphire_mini/usart_sam_ba.o
usart_is_rx_ready                                 build/sapphire_mini/usart_sam_ba.o
usart_open                                        build/sapphire_mini/usart_sam_ba.o
usart_putc                                        build/sapphire_mini/usart_sam_ba.o
usart_putdata                                     build/sapphire_mini/usart_sam_ba.o
usart_putdata_xmd                                 build/sapphire_mini/usart_sam_ba.o
usart_readc                                       build/sapphire_mini/usart_sam_ba.o
usart_sharp_received                              build/sapphire_mini/usart_sam_ba.o
usb_endpoint_table                                build/sapphire_mini/cdc_enumerate.o
usb_init                                          build/sapphire_mini/cdc_enumerate.o
                                                  build/sapphire_mini/main.o
writeNum                                          build/sapphire_mini/utils.o
                                                  build/sapphire_mini/sam_ba_monitor.o
                                                  build/sapphire_mini/cdc_enumerate.o
write_block                                       build/sapphire_mini/fat.o
                                                  build/sapphire_mini/msc.o
